
For more info and how to connect from windows,
   see https://docs.ycrc.yale.edu/clusters-at-yale/guides/jupyter/
MacOS or linux terminal command to create your ssh tunnel
ssh -N -L 8927:r806u23n04:8927 yt388@grace.ycrc.yale.edu
Windows MobaXterm info
Forwarded port:same as remote port
Remote server: r806u23n04
Remote port: 8927
SSH server: grace.ycrc.yale.edu
SSH login: yt388
SSH port: 22
Use a Browser on your local machine to go to:
localhost:8927/lab?token=ed1f2b6acb782cc17a26ab43cb3bcd  (prefix w/ https:// if using password)


CondaError: Run 'conda init' before 'conda deactivate'


EnvironmentNameNotFound: Could not find conda environment: microspheres
You can list all discoverable environments with `conda info --envs`.


usage: jupyter [-h] [--version] [--config-dir] [--data-dir] [--runtime-dir]
               [--paths] [--json] [--debug]
               [subcommand]

Jupyter: Interactive Computing

positional arguments:
  subcommand     the subcommand to launch

options:
  -h, --help     show this help message and exit
  --version      show the versions of core jupyter packages and exit
  --config-dir   show Jupyter config dir
  --data-dir     show Jupyter data dir
  --runtime-dir  show Jupyter runtime dir
  --paths        show all Jupyter paths. Add --json for machine-readable
                 format.
  --json         output paths as machine-readable json
  --debug        output debug information about paths

Available subcommands: bundlerextension console dejavu events execute kernel
kernelspec migrate nbclassic nbconvert nbextension notebook qtconsole run
server serverextension troubleshoot trust

Jupyter command `jupyter-lab` not found.
